** Drc report for powermod.kicad_pcb **
** Created on 2026-07-15T23:27:28 **
** Report includes: Errors, Warnings **

** Found 140 DRC violations **
[silk_edge_clearance]: Silkscreen clipped by board edge
    Rule: board setup constraints silk; warning
    @(0.0000 mm, 0.0000 mm): Segment on Edge.Cuts
    @(3.2000 mm, 0.0500 mm): Reference field of H1
[silk_edge_clearance]: Silkscreen clipped by board edge
    Rule: board setup constraints silk; warning
    @(0.0000 mm, 0.0000 mm): Segment on Edge.Cuts
    @(54.8000 mm, 0.0500 mm): Reference field of H2
[silk_overlap]: Silkscreen clearance
    Rule: board setup constraints silk; warning
    @(11.1364 mm, 13.5300 mm): Segment of R2 on F.Silkscreen
    @(11.2900 mm, 14.1300 mm): Reference field of R3
[silk_overlap]: Silkscreen clearance
    Rule: board setup constraints silk; warning
    @(11.1364 mm, 15.6800 mm): Segment of R3 on F.Silkscreen
    @(12.1900 mm, 16.2500 mm): Reference field of Q1
[silk_overlap]: Silkscreen clearance
    Rule: board setup constraints silk; warning
    @(10.1200 mm, 11.7400 mm): Reference field of R12
    @(10.2450 mm, 28.6000 mm): Reference field of J2
[silk_overlap]: Silkscreen clearance
    Rule: board setup constraints silk; warning
    @(23.2200 mm, 28.7000 mm): Reference field of R7
    @(24.0100 mm, 28.8536 mm): Segment of R7 on F.Silkscreen
[silk_overlap]: Silkscreen clearance
    Rule: board setup constraints silk; warning
    @(23.2200 mm, 31.7400 mm): Reference field of R6
    @(24.0100 mm, 31.8936 mm): Segment of R6 on F.Silkscreen
[silk_overlap]: Silkscreen clearance
    Rule: board setup constraints silk; warning
    @(25.2400 mm, 30.1078 mm): Segment of C10 on F.Silkscreen
    @(24.4400 mm, 30.0000 mm): Reference field of C10
[silk_overlap]: Silkscreen clearance
    Rule: board setup constraints silk; warning
    @(26.4700 mm, 18.8078 mm): Segment of C16 on F.Silkscreen
    @(25.6700 mm, 18.7000 mm): Reference field of C16
[silk_overlap]: Silkscreen clearance
    Rule: board setup constraints silk; warning
    @(20.2600 mm, 12.3106 mm): Segment of C6 on F.Silkscreen
    @(19.3400 mm, 12.1700 mm): Reference field of C6
[silk_overlap]: Silkscreen clearance
    Rule: board setup constraints silk; warning
    @(22.5200 mm, 7.9706 mm): Segment of C8 on F.Silkscreen
    @(21.6000 mm, 7.8300 mm): Reference field of C8
[silk_overlap]: Silkscreen clearance
    Rule: board setup constraints silk; warning
    @(28.8300 mm, 7.8300 mm): Reference field of C9
    @(29.7500 mm, 7.9706 mm): Segment of C9 on F.Silkscreen
[silk_overlap]: Silkscreen clearance
    Rule: board setup constraints silk; warning
    @(8.4264 mm, 20.5500 mm): Segment of R9 on F.Silkscreen
    @(8.5800 mm, 20.5800 mm): Reference field of C11
[silk_overlap]: Silkscreen clearance
    Rule: board setup constraints silk; warning
    @(11.3000 mm, 26.2300 mm): Reference field of R4
    @(11.0300 mm, 25.6500 mm): Reference field of C12
[silk_overlap]: Silkscreen clearance
    Rule: board setup constraints silk; warning
    @(11.1464 mm, 27.7800 mm): Segment of R4 on F.Silkscreen
    @(11.3000 mm, 27.9300 mm): Reference field of R5
[silk_overlap]: Silkscreen clearance
    Rule: board setup constraints silk; warning
    @(11.3000 mm, 27.9300 mm): Reference field of R5
    @(10.2450 mm, 28.6000 mm): Reference field of J2
[silk_overlap]: Silkscreen clearance
    Rule: board setup constraints silk; warning
    @(3.2000 mm, 33.6500 mm): Reference field of H3
    @(2.6000 mm, 33.3000 mm): Segment of J2 on F.Silkscreen
[silk_overlap]: Silkscreen clearance
    Rule: board setup constraints silk; warning
    @(11.3000 mm, 26.2300 mm): Reference field of R4
    @(11.8300 mm, 25.7578 mm): Segment of C12 on F.Silkscreen
[silk_overlap]: Silkscreen clearance
    Rule: board setup constraints silk; warning
    @(11.8300 mm, 25.7578 mm): Segment of C12 on F.Silkscreen
    @(11.0300 mm, 25.6500 mm): Reference field of C12
[silk_overlap]: Silkscreen clearance
    Rule: board setup constraints silk; warning
    @(11.8100 mm, 23.1936 mm): Segment of R10 on F.Silkscreen
    @(11.0200 mm, 23.0400 mm): Reference field of R10
[silk_overlap]: Silkscreen clearance
    Rule: board setup constraints silk; warning
    @(10.2450 mm, 28.6000 mm): Reference field of J2
    @(10.9100 mm, 11.8936 mm): Segment of R12 on F.Silkscreen
[silk_overlap]: Silkscreen clearance
    Rule: board setup constraints silk; warning
    @(10.1200 mm, 11.7400 mm): Reference field of R12
    @(11.2900 mm, 12.7400 mm): Reference field of R2
[silk_overlap]: Silkscreen clearance
    Rule: board setup constraints silk; warning
    @(10.1200 mm, 11.7400 mm): Reference field of R12
    @(10.9100 mm, 11.8936 mm): Segment of R12 on F.Silkscreen
[silk_overlap]: Silkscreen clearance
    Rule: board setup constraints silk; warning
    @(10.9300 mm, 8.8078 mm): Segment of C15 on F.Silkscreen
    @(10.1300 mm, 8.7000 mm): Reference field of C15
[silk_overlap]: Silkscreen clearance
    Rule: board setup constraints silk; warning
    @(50.2300 mm, 13.3000 mm): Reference field of R18
    @(52.0300 mm, 13.3000 mm): Reference field of R19
[silk_overlap]: Silkscreen clearance
    Rule: board setup constraints silk; warning
    @(43.7300 mm, 18.2600 mm): Reference field of R26
    @(45.2300 mm, 18.0000 mm): Reference field of R27
[silk_overlap]: Silkscreen clearance
    Rule: board setup constraints silk; warning
    @(45.2300 mm, 18.0000 mm): Reference field of R27
    @(45.2800 mm, 18.4136 mm): Segment of R26 on F.Silkscreen
[silk_overlap]: Silkscreen clearance
    Rule: board setup constraints silk; warning
    @(35.7500 mm, 13.6336 mm): Segment of R16 on F.Silkscreen
    @(34.9600 mm, 13.4800 mm): Reference field of R16
[silk_overlap]: Silkscreen clearance
    Rule: board setup constraints silk; warning
    @(43.7300 mm, 18.2600 mm): Reference field of R26
    @(44.5200 mm, 18.4136 mm): Segment of R26 on F.Silkscreen
[silk_overlap]: Silkscreen clearance
    Rule: board setup constraints silk; warning
    @(45.2300 mm, 18.0000 mm): Reference field of R27
    @(44.5200 mm, 18.4136 mm): Segment of R26 on F.Silkscreen
[silk_overlap]: Silkscreen clearance
    Rule: board setup constraints silk; warning
    @(35.8450 mm, 25.4813 mm): Segment of C4 on F.Silkscreen
    @(34.9000 mm, 25.2200 mm): Reference field of C4
[silk_overlap]: Silkscreen clearance
    Rule: board setup constraints silk; warning
    @(31.6100 mm, 25.8000 mm): Reference field of L1
    @(33.2200 mm, 25.4000 mm): Segment of U3 on F.Silkscreen
[silk_overlap]: Silkscreen clearance
    Rule: board setup constraints silk; warning
    @(39.3300 mm, 27.0000 mm): Reference field of R20
    @(40.1200 mm, 27.1536 mm): Segment of R20 on F.Silkscreen
[silk_overlap]: Silkscreen clearance
    Rule: board setup constraints silk; warning
    @(47.3300 mm, 27.0000 mm): Reference field of R22
    @(49.3300 mm, 27.0000 mm): Reference field of R23
[silk_overlap]: Silkscreen clearance
    Rule: board setup constraints silk; warning
    @(49.3300 mm, 27.0000 mm): Reference field of R23
    @(48.1200 mm, 27.1536 mm): Segment of R22 on F.Silkscreen
[silk_overlap]: Silkscreen clearance
    Rule: board setup constraints silk; warning
    @(38.5700 mm, 18.2600 mm): Reference field of R25
    @(39.3600 mm, 18.4136 mm): Segment of R25 on F.Silkscreen
[silk_overlap]: Silkscreen clearance
    Rule: board setup constraints silk; warning
    @(33.1500 mm, 13.4800 mm): Reference field of R15
    @(34.9600 mm, 13.4800 mm): Reference field of R16
[silk_overlap]: Silkscreen clearance
    Rule: board setup constraints silk; warning
    @(34.7000 mm, 13.6336 mm): Segment of R15 on F.Silkscreen
    @(34.9600 mm, 13.4800 mm): Reference field of R16
[silk_overlap]: Silkscreen clearance
    Rule: board setup constraints silk; warning
    @(36.2000 mm, 18.4136 mm): Segment of R24 on F.Silkscreen
    @(35.4100 mm, 18.2600 mm): Reference field of R24
[silk_overlap]: Silkscreen clearance
    Rule: board setup constraints silk; warning
    @(33.9400 mm, 13.6336 mm): Segment of R15 on F.Silkscreen
    @(34.9600 mm, 13.4800 mm): Reference field of R16
[silk_overlap]: Silkscreen clearance
    Rule: board setup constraints silk; warning
    @(33.1500 mm, 13.4800 mm): Reference field of R15
    @(33.9400 mm, 13.6336 mm): Segment of R15 on F.Silkscreen
[silk_overlap]: Silkscreen clearance
    Rule: board setup constraints silk; warning
    @(33.5100 mm, 8.3678 mm): Segment of C14 on F.Silkscreen
    @(32.7100 mm, 8.2600 mm): Reference field of C14
[silk_overlap]: Silkscreen clearance
    Rule: board setup constraints silk; warning
    @(34.3000 mm, 38.0000 mm): Segment of TP3 on F.Silkscreen
    @(35.5000 mm, 34.8020 mm): Reference field of TP3
[silk_overlap]: Silkscreen clearance
    Rule: board setup constraints silk; warning
    @(35.5000 mm, 34.8020 mm): Reference field of TP3
    @(36.7000 mm, 35.6000 mm): Segment of TP3 on F.Silkscreen
[silk_overlap]: Silkscreen clearance
    Rule: board setup constraints silk; warning
    @(36.7000 mm, 38.0000 mm): Segment of TP3 on F.Silkscreen
    @(35.5000 mm, 34.8020 mm): Reference field of TP3
[silk_overlap]: Silkscreen clearance
    Rule: board setup constraints silk; warning
    @(34.3000 mm, 38.0000 mm): Segment of TP3 on F.Silkscreen
    @(54.8000 mm, 33.6500 mm): Reference field of H4
[silk_overlap]: Silkscreen clearance
    Rule: board setup constraints silk; warning
    @(36.7000 mm, 38.0000 mm): Segment of TP3 on F.Silkscreen
    @(54.8000 mm, 33.6500 mm): Reference field of H4
[silk_overlap]: Silkscreen clearance
    Rule: board setup constraints silk; warning
    @(47.3300 mm, 27.0000 mm): Reference field of R22
    @(48.1200 mm, 27.1536 mm): Segment of R22 on F.Silkscreen
[silk_overlap]: Silkscreen clearance
    Rule: board setup constraints silk; warning
    @(44.6900 mm, 12.4500 mm): Segment of D4 on F.Silkscreen
    @(46.3000 mm, 9.7500 mm): Reference field of D4
[silk_overlap]: Silkscreen clearance
    Rule: board setup constraints silk; warning
    @(51.0200 mm, 13.4536 mm): Segment of R18 on F.Silkscreen
    @(50.2300 mm, 13.3000 mm): Reference field of R18
[silk_overlap]: Silkscreen clearance
    Rule: board setup constraints silk; warning
    @(48.4300 mm, 13.3000 mm): Reference field of R17
    @(50.2300 mm, 13.3000 mm): Reference field of R18
[silk_overlap]: Silkscreen clearance
    Rule: board setup constraints silk; warning
    @(49.2200 mm, 13.4536 mm): Segment of R17 on F.Silkscreen
    @(50.2300 mm, 13.3000 mm): Reference field of R18
[silk_overlap]: Silkscreen clearance
    Rule: board setup constraints silk; warning
    @(49.9800 mm, 13.4536 mm): Segment of R17 on F.Silkscreen
    @(50.2300 mm, 13.3000 mm): Reference field of R18
[silk_overlap]: Silkscreen clearance
    Rule: board setup constraints silk; warning
    @(51.0200 mm, 13.4536 mm): Segment of R18 on F.Silkscreen
    @(52.0300 mm, 13.3000 mm): Reference field of R19
[silk_overlap]: Silkscreen clearance
    Rule: board setup constraints silk; warning
    @(51.7800 mm, 13.4536 mm): Segment of R18 on F.Silkscreen
    @(52.0300 mm, 13.3000 mm): Reference field of R19
[silk_overlap]: Silkscreen clearance
    Rule: board setup constraints silk; warning
    @(52.8200 mm, 13.4536 mm): Segment of R19 on F.Silkscreen
    @(52.0300 mm, 13.3000 mm): Reference field of R19
[silk_overlap]: Silkscreen clearance
    Rule: board setup constraints silk; warning
    @(46.3000 mm, 9.7500 mm): Reference field of D4
    @(46.3400 mm, 6.5000 mm): Reference field of C13
[silk_over_copper]: Silkscreen clipped by solder mask
    Local override; warning
    @(8.5800 mm, 19.0000 mm): Reference field of R9
    @(8.0700 mm, 18.7000 mm): Pad 1 [VBUS] of R8 on F.Cu
[silk_over_copper]: Silkscreen clipped by solder mask
    Local override; warning
    @(8.5800 mm, 19.0000 mm): Reference field of R9
    @(9.0900 mm, 18.7000 mm): Pad 2 [VBUS_DIV] of R8 on F.Cu
[silk_over_copper]: Silkscreen clipped by solder mask
    Local override; warning
    @(8.5800 mm, 20.5800 mm): Reference field of C11
    @(9.0900 mm, 20.1700 mm): Pad 2 [GND] of R9 on F.Cu
[silk_over_copper]: Silkscreen clipped by solder mask
    Local override; warning
    @(11.2900 mm, 14.1300 mm): Reference field of R3
    @(10.7800 mm, 13.9100 mm): Pad 1 [CC1_IN] of R2 on F.Cu
[silk_over_copper]: Silkscreen clipped by solder mask
    Local override; warning
    @(11.2900 mm, 14.1300 mm): Reference field of R3
    @(11.8000 mm, 13.9100 mm): Pad 2 [GND] of R2 on F.Cu
[silk_over_copper]: Silkscreen clipped by solder mask
    Local override; warning
    @(10.1200 mm, 11.7400 mm): Reference field of R12
    @(8.6450 mm, 29.3500 mm): Pad B6 [<no net>] of J2 on F.Cu
[silk_over_copper]: Silkscreen clipped by solder mask
    Local override; warning
    @(11.2900 mm, 12.7400 mm): Reference field of R2
    @(11.2900 mm, 12.2500 mm): Pad 1 [VBUS] of R12 on F.Cu
[silk_over_copper]: Silkscreen clipped by solder mask
    Local override; warning
    @(23.2200 mm, 28.7000 mm): Reference field of R7
    @(24.3900 mm, 28.1900 mm): Pad 2 [GND] of R7 on F.Cu
[silk_over_copper]: Silkscreen clipped by solder mask
    Local override; warning
    @(24.4400 mm, 30.0000 mm): Reference field of C10
    @(24.3900 mm, 29.2100 mm): Pad 1 [VBAT_DIV] of R7 on F.Cu
[silk_over_copper]: Silkscreen clipped by solder mask
    Local override; warning
    @(24.4400 mm, 30.0000 mm): Reference field of C10
    @(25.6000 mm, 29.5200 mm): Pad 2 [GND] of C10 on F.Cu
[silk_over_copper]: Silkscreen clipped by solder mask
    Local override; warning
    @(24.4400 mm, 30.0000 mm): Reference field of C10
    @(25.6000 mm, 30.4800 mm): Pad 1 [VBAT_DIV] of C10 on F.Cu
[silk_over_copper]: Silkscreen clipped by solder mask
    Local override; warning
    @(25.6700 mm, 18.7000 mm): Reference field of C16
    @(26.8300 mm, 18.2200 mm): Pad 2 [GND] of C16 on F.Cu
[silk_over_copper]: Silkscreen clipped by solder mask
    Local override; warning
    @(25.6700 mm, 18.7000 mm): Reference field of C16
    @(26.8300 mm, 19.1800 mm): Pad 1 [VSYS] of C16 on F.Cu
[silk_over_copper]: Silkscreen clipped by solder mask
    Local override; warning
    @(19.6000 mm, 5.2200 mm): Reference field of R1
    @(20.7700 mm, 5.7300 mm): Pad 1 [PROG] of R1 on F.Cu
[silk_over_copper]: Silkscreen clipped by solder mask
    Local override; warning
    @(8.5800 mm, 20.5800 mm): Reference field of C11
    @(8.0700 mm, 20.1700 mm): Pad 1 [VBUS_DIV] of R9 on F.Cu
[silk_over_copper]: Silkscreen clipped by solder mask
    Local override; warning
    @(11.3000 mm, 26.2300 mm): Reference field of R4
    @(12.1900 mm, 26.1300 mm): Pad 1 [VSYS] of C12 on F.Cu
[silk_over_copper]: Silkscreen clipped by solder mask
    Local override; warning
    @(11.3000 mm, 27.9300 mm): Reference field of R5
    @(10.7900 mm, 27.4000 mm): Pad 1 [CC1_OUT] of R4 on F.Cu
[silk_over_copper]: Silkscreen clipped by solder mask
    Local override; warning
    @(11.3000 mm, 27.9300 mm): Reference field of R5
    @(11.8100 mm, 27.4000 mm): Pad 2 [VOUT] of R4 on F.Cu
[silk_over_copper]: Silkscreen clipped by solder mask
    Local override; warning
    @(10.2450 mm, 28.6000 mm): Reference field of J2
    @(10.7900 mm, 29.1000 mm): Pad 1 [CC2_OUT] of R5 on F.Cu
[silk_over_copper]: Silkscreen clipped by solder mask
    Local override; warning
    @(3.2000 mm, 33.6500 mm): Reference field of H3
    @(3.5500 mm, 32.9200 mm): PTH pad SH [<no net>] of J2
[silk_over_copper]: Silkscreen clipped by solder mask
    Local override; warning
    @(11.0300 mm, 25.6500 mm): Reference field of C12
    @(12.1900 mm, 26.1300 mm): Pad 1 [VSYS] of C12 on F.Cu
[silk_over_copper]: Silkscreen clipped by solder mask
    Local override; warning
    @(11.0300 mm, 25.6500 mm): Reference field of C12
    @(12.1900 mm, 25.1700 mm): Pad 2 [Q1_GATE] of C12 on F.Cu
[silk_over_copper]: Silkscreen clipped by solder mask
    Local override; warning
    @(11.0200 mm, 23.0400 mm): Reference field of R10
    @(12.1900 mm, 22.5300 mm): Pad 2 [Q1_GATE] of R10 on F.Cu
[silk_over_copper]: Silkscreen clipped by solder mask
    Local override; warning
    @(11.0200 mm, 23.0400 mm): Reference field of R10
    @(12.1900 mm, 23.5500 mm): Pad 1 [VSYS] of R10 on F.Cu
[silk_over_copper]: Silkscreen clipped by solder mask
    Local override; warning
    @(10.1200 mm, 11.7400 mm): Reference field of R12
    @(11.2900 mm, 11.2300 mm): Pad 2 [GND] of R12 on F.Cu
[silk_over_copper]: Silkscreen clipped by solder mask
    Local override; warning
    @(10.1300 mm, 8.7000 mm): Reference field of C15
    @(8.6450 mm, 26.1500 mm): Pad A4 [VOUT] of J2 on F.Cu
[silk_over_copper]: Silkscreen clipped by solder mask
    Local override; warning
    @(10.1300 mm, 8.7000 mm): Reference field of C15
    @(8.6450 mm, 26.1500 mm): Pad B9 [VOUT] of J2 on F.Cu
[silk_over_copper]: Silkscreen clipped by solder mask
    Local override; warning
    @(10.1200 mm, 11.7400 mm): Reference field of R12
    @(8.6450 mm, 28.8500 mm): Pad A7 [<no net>] of J2 on F.Cu
[silk_over_copper]: Silkscreen clipped by solder mask
    Local override; warning
    @(10.1300 mm, 8.7000 mm): Reference field of C15
    @(8.6450 mm, 25.3500 mm): Pad A1 [GND] of J2 on F.Cu
[silk_over_copper]: Silkscreen clipped by solder mask
    Local override; warning
    @(10.1300 mm, 8.7000 mm): Reference field of C15
    @(8.6450 mm, 25.3500 mm): Pad B12 [GND] of J2 on F.Cu
[silk_over_copper]: Silkscreen clipped by solder mask
    Local override; warning
    @(10.1200 mm, 11.7400 mm): Reference field of R12
    @(11.2900 mm, 12.2500 mm): Pad 1 [VBUS] of R12 on F.Cu
[silk_over_copper]: Silkscreen clipped by solder mask
    Local override; warning
    @(10.1300 mm, 8.7000 mm): Reference field of C15
    @(11.2900 mm, 8.2200 mm): Pad 2 [GND] of C15 on F.Cu
[silk_over_copper]: Silkscreen clipped by solder mask
    Local override; warning
    @(10.1300 mm, 8.7000 mm): Reference field of C15
    @(11.2900 mm, 9.1800 mm): Pad 1 [VBUS] of C15 on F.Cu
[silk_over_copper]: Silkscreen clipped by solder mask
    Local override; warning
    @(18.7000 mm, 23.0400 mm): Reference field of R11
    @(17.0175 mm, 23.4800 mm): Pad 3 [Q3_DRAIN] of Q3 on F.Cu
[silk_over_copper]: Silkscreen clipped by solder mask
    Local override; warning
    @(18.7000 mm, 23.0400 mm): Reference field of R11
    @(19.8700 mm, 23.5500 mm): Pad 1 [Q1_GATE] of R11 on F.Cu
[silk_over_copper]: Silkscreen clipped by solder mask
    Local override; warning
    @(18.7000 mm, 23.0400 mm): Reference field of R11
    @(19.8700 mm, 22.5300 mm): Pad 2 [Q3_DRAIN] of R11 on F.Cu
[silk_over_copper]: Silkscreen clipped by solder mask
    Local override; warning
    @(18.7000 mm, 25.6500 mm): Reference field of R13
    @(19.8700 mm, 25.1400 mm): Pad 2 [GND] of R13 on F.Cu
[silk_over_copper]: Silkscreen clipped by solder mask
    Local override; warning
    @(18.7000 mm, 25.6500 mm): Reference field of R13
    @(19.8700 mm, 26.1600 mm): Pad 1 [Q1_GATE_DRV] of R13 on F.Cu
[silk_over_copper]: Silkscreen clipped by solder mask
    Local override; warning
    @(45.2300 mm, 18.0000 mm): Reference field of R27
    @(44.9000 mm, 18.7700 mm): Pad 1 [FB_MID] of R26 on F.Cu
[silk_over_copper]: Silkscreen clipped by solder mask
    Local override; warning
    @(45.2300 mm, 18.0000 mm): Reference field of R27
    @(46.4000 mm, 17.4900 mm): Pad 2 [CHG_JP] of R27 on F.Cu
[silk_over_copper]: Silkscreen clipped by solder mask
    Local override; warning
    @(45.2300 mm, 18.0000 mm): Reference field of R27
    @(46.4000 mm, 18.5100 mm): Pad 1 [3V3] of R27 on F.Cu
[silk_over_copper]: Silkscreen clipped by solder mask
    Local override; warning
    @(34.9600 mm, 13.4800 mm): Reference field of R16
    @(36.1300 mm, 12.9700 mm): Pad 2 [CHG_STDBY] of R16 on F.Cu
[silk_over_copper]: Silkscreen clipped by solder mask
    Local override; warning
    @(45.2300 mm, 18.0000 mm): Reference field of R27
    @(44.9000 mm, 17.7500 mm): Pad 2 [VOUT] of R26 on F.Cu
[silk_over_copper]: Silkscreen clipped by solder mask
    Local override; warning
    @(43.7300 mm, 18.2600 mm): Reference field of R26
    @(44.9000 mm, 17.7500 mm): Pad 2 [VOUT] of R26 on F.Cu
[silk_over_copper]: Silkscreen clipped by solder mask
    Local override; warning
    @(43.7300 mm, 18.2600 mm): Reference field of R26
    @(44.9000 mm, 18.7700 mm): Pad 1 [FB_MID] of R26 on F.Cu
[silk_over_copper]: Silkscreen clipped by solder mask
    Local override; warning
    @(39.3300 mm, 27.0000 mm): Reference field of R20
    @(40.5000 mm, 27.5100 mm): Pad 1 [LED_PWR_A] of R20 on F.Cu
[silk_over_copper]: Silkscreen clipped by solder mask
    Local override; warning
    @(49.3300 mm, 27.0000 mm): Reference field of R23
    @(48.5000 mm, 26.4900 mm): Pad 2 [D2_RED] of R22 on F.Cu
[silk_over_copper]: Silkscreen clipped by solder mask
    Local override; warning
    @(39.3300 mm, 27.0000 mm): Reference field of R20
    @(40.5000 mm, 26.4900 mm): Pad 2 [D1_RED] of R20 on F.Cu
[silk_over_copper]: Silkscreen clipped by solder mask
    Local override; warning
    @(41.5000 mm, 28.3500 mm): Reference field of D1
    @(40.5000 mm, 27.5100 mm): Pad 1 [LED_PWR_A] of R20 on F.Cu
[silk_over_copper]: Silkscreen clipped by solder mask
    Local override; warning
    @(38.5700 mm, 18.2600 mm): Reference field of R25
    @(39.7400 mm, 17.7500 mm): Pad 2 [FB_MID] of R25 on F.Cu
[silk_over_copper]: Silkscreen clipped by solder mask
    Local override; warning
    @(43.3300 mm, 27.0000 mm): Reference field of R21
    @(44.5000 mm, 27.5100 mm): Pad 1 [LED_PWR_B] of R21 on F.Cu
[silk_over_copper]: Silkscreen clipped by solder mask
    Local override; warning
    @(43.3300 mm, 27.0000 mm): Reference field of R21
    @(44.5000 mm, 26.4900 mm): Pad 2 [D1_GRN] of R21 on F.Cu
[silk_over_copper]: Silkscreen clipped by solder mask
    Local override; warning
    @(33.1500 mm, 13.4800 mm): Reference field of R15
    @(34.3200 mm, 13.9900 mm): Pad 1 [3V3] of R15 on F.Cu
[silk_over_copper]: Silkscreen clipped by solder mask
    Local override; warning
    @(34.9600 mm, 13.4800 mm): Reference field of R16
    @(36.1300 mm, 13.9900 mm): Pad 1 [3V3] of R16 on F.Cu
[silk_over_copper]: Silkscreen clipped by solder mask
    Local override; warning
    @(34.9600 mm, 13.4800 mm): Reference field of R16
    @(34.3200 mm, 13.9900 mm): Pad 1 [3V3] of R15 on F.Cu
[silk_over_copper]: Silkscreen clipped by solder mask
    Local override; warning
    @(34.9600 mm, 13.4800 mm): Reference field of R16
    @(34.3200 mm, 12.9700 mm): Pad 2 [CHG_CHRG] of R15 on F.Cu
[silk_over_copper]: Silkscreen clipped by solder mask
    Local override; warning
    @(33.1500 mm, 13.4800 mm): Reference field of R15
    @(34.3200 mm, 12.9700 mm): Pad 2 [CHG_CHRG] of R15 on F.Cu
[silk_over_copper]: Silkscreen clipped by solder mask
    Local override; warning
    @(35.4100 mm, 18.2600 mm): Reference field of R24
    @(36.5800 mm, 18.7700 mm): Pad 1 [FB] of R24 on F.Cu
[silk_over_copper]: Silkscreen clipped by solder mask
    Local override; warning
    @(35.4100 mm, 18.2600 mm): Reference field of R24
    @(36.5800 mm, 17.7500 mm): Pad 2 [GND] of R24 on F.Cu
[silk_over_copper]: Silkscreen clipped by solder mask
    Local override; warning
    @(38.5700 mm, 18.2600 mm): Reference field of R25
    @(39.7400 mm, 18.7700 mm): Pad 1 [FB] of R25 on F.Cu
[silk_over_copper]: Silkscreen clipped by solder mask
    Local override; warning
    @(32.7100 mm, 8.2600 mm): Reference field of C14
    @(33.8700 mm, 8.7400 mm): Pad 1 [3V3] of C14 on F.Cu
[silk_over_copper]: Silkscreen clipped by solder mask
    Local override; warning
    @(32.7100 mm, 8.2600 mm): Reference field of C14
    @(33.8700 mm, 7.7800 mm): Pad 2 [GND] of C14 on F.Cu
[silk_over_copper]: Silkscreen clipped by solder mask
    Local override; warning
    @(35.5000 mm, 34.8020 mm): Reference field of TP3
    @(35.5000 mm, 36.8000 mm): Pad 1 [VOUT] of TP3 on F.Cu
[silk_over_copper]: Silkscreen clipped by solder mask
    Local override; warning
    @(41.5000 mm, 28.3500 mm): Reference field of D1
    @(50.5000 mm, 27.5100 mm): Pad 1 [LED_BAT_B] of R23 on F.Cu
[silk_over_copper]: Silkscreen clipped by solder mask
    Local override; warning
    @(54.8000 mm, 33.6500 mm): Reference field of H4
    @(35.5000 mm, 36.8000 mm): Pad 1 [VOUT] of TP3 on F.Cu
[silk_over_copper]: Silkscreen clipped by solder mask
    Local override; warning
    @(49.3300 mm, 27.0000 mm): Reference field of R23
    @(50.5000 mm, 26.4900 mm): Pad 2 [D2_GRN] of R23 on F.Cu
[silk_over_copper]: Silkscreen clipped by solder mask
    Local override; warning
    @(49.3300 mm, 27.0000 mm): Reference field of R23
    @(50.5000 mm, 27.5100 mm): Pad 1 [LED_BAT_B] of R23 on F.Cu
[silk_over_copper]: Silkscreen clipped by solder mask
    Local override; warning
    @(47.3300 mm, 27.0000 mm): Reference field of R22
    @(48.5000 mm, 26.4900 mm): Pad 2 [D2_RED] of R22 on F.Cu
[silk_over_copper]: Silkscreen clipped by solder mask
    Local override; warning
    @(49.3300 mm, 27.0000 mm): Reference field of R23
    @(48.5000 mm, 27.5100 mm): Pad 1 [LED_BAT_A] of R22 on F.Cu
[silk_over_copper]: Silkscreen clipped by solder mask
    Local override; warning
    @(47.3300 mm, 27.0000 mm): Reference field of R22
    @(48.5000 mm, 27.5100 mm): Pad 1 [LED_BAT_A] of R22 on F.Cu
[silk_over_copper]: Silkscreen clipped by solder mask
    Local override; warning
    @(46.3000 mm, 9.7500 mm): Reference field of D4
    @(45.2500 mm, 11.6000 mm): Pad 1 [RTC_VDD] of D4 on F.Cu
[silk_over_copper]: Silkscreen clipped by solder mask
    Local override; warning
    @(50.2300 mm, 13.3000 mm): Reference field of R18
    @(51.4000 mm, 12.7900 mm): Pad 2 [RTC_SCL] of R18 on F.Cu
[silk_over_copper]: Silkscreen clipped by solder mask
    Local override; warning
    @(52.0300 mm, 13.3000 mm): Reference field of R19
    @(51.4000 mm, 12.7900 mm): Pad 2 [RTC_SCL] of R18 on F.Cu
[silk_over_copper]: Silkscreen clipped by solder mask
    Local override; warning
    @(48.4300 mm, 13.3000 mm): Reference field of R17
    @(49.6000 mm, 13.8100 mm): Pad 1 [3V3] of R17 on F.Cu
[silk_over_copper]: Silkscreen clipped by solder mask
    Local override; warning
    @(48.4300 mm, 13.3000 mm): Reference field of R17
    @(49.6000 mm, 12.7900 mm): Pad 2 [RTC_SDA] of R17 on F.Cu
[silk_over_copper]: Silkscreen clipped by solder mask
    Local override; warning
    @(50.2300 mm, 13.3000 mm): Reference field of R18
    @(49.6000 mm, 13.8100 mm): Pad 1 [3V3] of R17 on F.Cu
[silk_over_copper]: Silkscreen clipped by solder mask
    Local override; warning
    @(50.2300 mm, 13.3000 mm): Reference field of R18
    @(49.6000 mm, 12.7900 mm): Pad 2 [RTC_SDA] of R17 on F.Cu
[silk_over_copper]: Silkscreen clipped by solder mask
    Local override; warning
    @(50.2300 mm, 13.3000 mm): Reference field of R18
    @(51.4000 mm, 13.8100 mm): Pad 1 [3V3] of R18 on F.Cu
[silk_over_copper]: Silkscreen clipped by solder mask
    Local override; warning
    @(52.0300 mm, 13.3000 mm): Reference field of R19
    @(51.4000 mm, 13.8100 mm): Pad 1 [3V3] of R18 on F.Cu
[silk_over_copper]: Silkscreen clipped by solder mask
    Local override; warning
    @(52.0300 mm, 13.3000 mm): Reference field of R19
    @(53.2000 mm, 13.8100 mm): Pad 1 [3V3] of R19 on F.Cu
[silk_over_copper]: Silkscreen clipped by solder mask
    Local override; warning
    @(52.0300 mm, 13.3000 mm): Reference field of R19
    @(53.2000 mm, 12.7900 mm): Pad 2 [RTC_INT] of R19 on F.Cu
[silk_over_copper]: Silkscreen clipped by solder mask
    Local override; warning
    @(46.3400 mm, 6.5000 mm): Reference field of C13
    @(47.5000 mm, 6.9800 mm): Pad 1 [RTC_VDD] of C13 on F.Cu
[silk_over_copper]: Silkscreen clipped by solder mask
    Local override; warning
    @(46.3400 mm, 6.5000 mm): Reference field of C13
    @(47.5000 mm, 6.0200 mm): Pad 2 [GND] of C13 on F.Cu

** Found 0 unconnected pads **

** Found 0 Footprint errors **

** Ignored checks **
    - Footprint has no courtyard defined
    - Track endpoint not centered on via
    - Tuning profile track geometries
    - Footprint doesn't match symbol's footprint filters
    - Footprint component type doesn't match footprint pads

** End of Report **
