** Drc report for powermod.kicad_pcb **
** Created on 2026-07-15T21:02:38 **
** Report includes: Errors **

** Found 3 DRC violations **
[starved_thermal]: Thermal relief connection to zone incomplete (layer F.Cu; zone min spoke count 2; actual 1)
    Local override; error
    @(0.0000 mm, 0.0000 mm): Zone [GND] on F.Cu, priority 0
    @(42.0625 mm, 11.7500 mm): Pad 3 [GND] of U2 on F.Cu
[starved_thermal]: Thermal relief connection to zone incomplete (layer F.Cu; zone min spoke count 2; actual 1)
    Local override; error
    @(0.0000 mm, 0.0000 mm): Zone [GND] on F.Cu, priority 0
    @(9.0450 mm, 30.7500 mm): Pad A1 [GND] of J2 on F.Cu
[starved_thermal]: Thermal relief connection to zone incomplete (layer F.Cu; zone min spoke count 2; actual 1)
    Local override; error
    @(0.0000 mm, 0.0000 mm): Zone [GND] on F.Cu, priority 0
    @(9.0450 mm, 30.7500 mm): Pad B12 [GND] of J2 on F.Cu

** Found 13 unconnected pads **
[unconnected_items]: Missing connection between items
    Local override; error
    @(13.0100 mm, 16.0000 mm): Track [GND] on F.Cu, length 0.9000 mm
    @(9.0450 mm, 37.2500 mm): Pad A12 [GND] of J2 on F.Cu
[unconnected_items]: Missing connection between items
    Local override; error
    @(0.0000 mm, 0.0000 mm): Zone [GND] on F.Cu, priority 0
    @(0.0000 mm, 0.0000 mm): Zone [GND] on F.Cu, priority 0
[unconnected_items]: Missing connection between items
    Local override; error
    @(0.0000 mm, 0.0000 mm): Zone [GND] on F.Cu, priority 0
    @(0.0000 mm, 0.0000 mm): Zone [GND] on F.Cu, priority 0
[unconnected_items]: Missing connection between items
    Local override; error
    @(0.0000 mm, 0.0000 mm): Zone [GND] on F.Cu, priority 0
    @(0.0000 mm, 0.0000 mm): Zone [GND] on F.Cu, priority 0
[unconnected_items]: Missing connection between items
    Local override; error
    @(0.0000 mm, 0.0000 mm): Zone [GND] on F.Cu, priority 0
    @(0.0000 mm, 0.0000 mm): Zone [GND] on B.Cu, priority 0
[unconnected_items]: Missing connection between items
    Local override; error
    @(0.0000 mm, 0.0000 mm): Zone [GND] on F.Cu, priority 0
    @(0.0000 mm, 0.0000 mm): Zone [GND] on F.Cu, priority 0
[unconnected_items]: Missing connection between items
    Local override; error
    @(0.0000 mm, 0.0000 mm): Zone [GND] on F.Cu, priority 0
    @(0.0000 mm, 0.0000 mm): Zone [GND] on F.Cu, priority 0
[unconnected_items]: Missing connection between items
    Local override; error
    @(0.0000 mm, 0.0000 mm): Zone [GND] on F.Cu, priority 0
    @(42.0625 mm, 11.7500 mm): Pad 3 [GND] of U2 on F.Cu
[unconnected_items]: Missing connection between items
    Local override; error
    @(0.0000 mm, 0.0000 mm): Zone [GND] on F.Cu, priority 0
    @(42.0625 mm, 11.7500 mm): Pad 3 [GND] of U2 on F.Cu
[unconnected_items]: Missing connection between items
    Local override; error
    @(0.0000 mm, 0.0000 mm): Zone [GND] on F.Cu, priority 0
    @(0.0000 mm, 0.0000 mm): Zone [GND] on F.Cu, priority 0
[unconnected_items]: Missing connection between items
    Local override; error
    @(22.0000 mm, 21.5000 mm): Pad 9 [VBAT] of Q2 on F.Cu
    @(23.4500 mm, 21.1750 mm): Track [VBAT] on F.Cu, length 0.6500 mm
[unconnected_items]: Missing connection between items
    Local override; error
    @(43.7500 mm, 13.9375 mm): Pad 9 [LED_BAT_B] of U2 on F.Cu
    @(53.5000 mm, 31.5100 mm): Pad 1 [LED_BAT_B] of R23 on F.Cu
[unconnected_items]: Missing connection between items
    Local override; error
    @(45.9375 mm, 10.7500 mm): Pad 18 [RTC_SCL] of U2 on F.Cu
    @(56.0000 mm, 14.9900 mm): Pad 2 [RTC_SCL] of R18 on F.Cu

** Found 0 Footprint errors **

** Ignored checks **
    - Footprint has no courtyard defined
    - Track endpoint not centered on via
    - Tuning profile track geometries
    - Footprint doesn't match symbol's footprint filters
    - Footprint component type doesn't match footprint pads

** End of Report **
